Statement for BigCo
  Hamlet: $650.00 (55 seats)
  Hamlet: $400.00 (30 seats)
  Hamlet: $400.00 (29 seats)
  Hamlet: $410.00 (31 seats)
  Hamlet: $400.00 (15 seats)
  As You Like It: $580.00 (35 seats)
  As You Like It: $336.00 (12 seats)
  Othello: $500.00 (40 seats)
Amount owed is $3,676.00
You earned 50 credits
