<html>
    <h1>Statement for BigCo</h1>
    <table>
        
        <tr>
            <th>play</th><th>seats</th><th>cost</th>
        </tr>
        <tr>
            <td>Hamlet</td><td>55</td><td>$650.00</td>
        </tr>
        
        <tr>
            <td>Hamlet</td><td>30</td><td>$400.00</td>
        </tr>
        
        <tr>
            <td>Hamlet</td><td>29</td><td>$400.00</td>
        </tr>
        
        <tr>
            <td>Hamlet</td><td>31</td><td>$410.00</td>
        </tr>
        
        <tr>
            <td>Hamlet</td><td>15</td><td>$400.00</td>
        </tr>
        
        <tr>
            <td>As You Like It</td><td>35</td><td>$580.00</td>
        </tr>
        
        <tr>
            <td>As You Like It</td><td>12</td><td>$336.00</td>
        </tr>
        
        <tr>
            <td>As You Like It</td><td>20</td><td>$360.00</td>
        </tr>
        
        <tr>
            <td>Othello</td><td>40</td><td>$500.00</td>
        </tr>
        
    </table>
    
    <p>
        Amount owed is <em>$4,036.00</em>
    </p>
    
    <p>
        You earned <em>54</em> credits
    </p>
    
</html>
